// Jest Snapshot v1, https://goo.gl/fbAQLP

exports[`Home renders without crashing 1`] = `
Array [
  <h1
    className="css-lozscu"
  >
    home
  </h1>,
  <p
    className="css-z4ydkm"
  >
    Welcome. This is my home on the web. I dramatically simplified the site and I hope that you like it. I'm always available for public comment. Please send an email to
     
    <a
      className="css-alkraz"
      href="mailto:darrenjaworski@gmail.com"
    >
      darrenjaworski@gmail.com
    </a>
    . 
    (Please allow 10-15 months for response.)
  </p>,
  <p
    className="css-z4ydkm"
  >
    Check out my past work in
     
    <a
      href="/journalism"
      onClick={[Function]}
    >
      <a
        className="css-alkraz"
      >
        journalism
      </a>
    </a>
     and what I'm currently hacking away at in
     
    <a
      href="/projects"
      onClick={[Function]}
    >
      <a
        className="css-alkraz"
      >
        projects
      </a>
    </a>
    .
  </p>,
  <p
    className="css-z4ydkm"
  >
    As always you can find me on
     
    <a
      className="css-alkraz"
      href="https://twitter.com/darrenjaws"
    >
      Twitter
    </a>
    ,
     
    <a
      className="css-alkraz"
      href="https://www.facebook.com/DarrenJJaworski"
    >
      Facebook
    </a>
    ,
     
    <a
      className="css-alkraz"
      href="https://www.instagram.com/darrenjaws/"
    >
      Instagram
    </a>
    ,
     
    <a
      className="css-alkraz"
      href="https://www.linkedin.com/in/darrenjaworski"
    >
      LinkedIn
    </a>
    , 
    <a
      className="css-alkraz"
      href="https://github.com/darrenjaworski"
    >
      Github
    </a>
    ,
     
    <a
      className="css-alkraz"
      href="http://bl.ocks.org/darrenjaworski"
    >
      bl.ocks.org
    </a>
    , 
    <a
      className="css-alkraz"
      href="https://medium.com/@DarrenJaws"
    >
      Medium
    </a>
    ,
     
    <a
      className="css-alkraz"
      href="https://www.strava.com/athletes/3266824"
    >
      Strava
    </a>
    ... (I'm sure I'm missing others. You get the point. Troll away.)
  </p>,
  <p
    className="css-z4ydkm"
  >
    For those interested in watching me wear a tie and answer questions:
     
    <a
      className="css-alkraz"
      href="https://docs.google.com/document/d/19L1W3PXUyboaUWB0shDedjKwzRPsqiBw0VxsAir45EU/edit?usp=sharing"
    >
      résumé
    </a>
    .
  </p>,
  <p
    className="css-z4ydkm"
  >
    Now with dark theme.
  </p>,
]
`;
