// Jest Snapshot v1, https://goo.gl/fbAQLP

exports[`app renders without crashing 1`] = `
<div
  className="css-evlwd0"
>
  <div
    className="css-1ppe5cl"
  >
    <header>
      <nav
        className="css-1cd9ler"
      >
        <a
          aria-current="page"
          className="active"
          href="/"
          onClick={[Function]}
          style={
            Object {
              "color": "#D6D8C9",
              "fontSize": "1.25rem",
              "marginRight": "0.5rem",
              "textDecoration": "underline",
              "transition": "color 0.5s",
            }
          }
        >
          home
        </a>
        <a
          aria-current={null}
          href="/projects"
          onClick={[Function]}
          style={
            Object {
              "color": "#D6D8C9",
              "fontSize": "1.25rem",
              "marginRight": "0.5rem",
              "textDecoration": "underline",
              "transition": "color 0.5s",
            }
          }
        >
          projects
        </a>
        <a
          aria-current={null}
          href="/journalism"
          onClick={[Function]}
          style={
            Object {
              "color": "#D6D8C9",
              "fontSize": "1.25rem",
              "marginRight": "0.5rem",
              "textDecoration": "underline",
              "transition": "color 0.5s",
            }
          }
        >
          journalism
        </a>
      </nav>
    </header>
    <main>
      <h1
        className="css-1oezh8i"
      >
        home
      </h1>
      <p
        className="css-dtn5f5"
      >
        Welcome. This is my home on the web. I dramatically simplified the site and I hope that you like it. I'm always available for public comment. Please send an email to
         
        <a
          className="css-o6ojr2"
          href="mailto:darrenjaworski@gmail.com"
        >
          darrenjaworski@gmail.com
        </a>
        . 
        (Please allow 10-15 months for response.)
      </p>
      <p
        className="css-dtn5f5"
      >
        Check out my past work in
         
        <a
          href="/journalism"
          onClick={[Function]}
        >
          <a
            className="css-o6ojr2"
          >
            journalism
          </a>
        </a>
         and what I'm currently hacking away at in
         
        <a
          href="/projects"
          onClick={[Function]}
        >
          <a
            className="css-o6ojr2"
          >
            projects
          </a>
        </a>
        .
      </p>
      <p
        className="css-dtn5f5"
      >
        As always you can find me on
         
        <a
          className="css-o6ojr2"
          href="https://twitter.com/darrenjaws"
        >
          Twitter
        </a>
        ,
         
        <a
          className="css-o6ojr2"
          href="https://www.facebook.com/DarrenJJaworski"
        >
          Facebook
        </a>
        ,
         
        <a
          className="css-o6ojr2"
          href="https://www.instagram.com/darrenjaws/"
        >
          Instagram
        </a>
        ,
         
        <a
          className="css-o6ojr2"
          href="https://www.linkedin.com/in/darrenjaworski"
        >
          LinkedIn
        </a>
        , 
        <a
          className="css-o6ojr2"
          href="https://github.com/darrenjaworski"
        >
          Github
        </a>
        ,
         
        <a
          className="css-o6ojr2"
          href="http://bl.ocks.org/darrenjaworski"
        >
          bl.ocks.org
        </a>
        , 
        <a
          className="css-o6ojr2"
          href="https://medium.com/@DarrenJaws"
        >
          Medium
        </a>
        ,
         
        <a
          className="css-o6ojr2"
          href="https://www.strava.com/athletes/3266824"
        >
          Strava
        </a>
        ... (I'm sure I'm missing others. You get the point. Troll away.)
      </p>
      <p
        className="css-dtn5f5"
      >
        For those interested in watching me wear a tie and answer questions:
         
        <a
          className="css-o6ojr2"
          href="https://docs.google.com/document/d/19L1W3PXUyboaUWB0shDedjKwzRPsqiBw0VxsAir45EU/edit?usp=sharing"
        >
          résumé
        </a>
        .
      </p>
      <p
        className="css-dtn5f5"
      >
        Now with dark theme.
      </p>
    </main>
    <button
      className="toggle css-1i22e7o"
      onClick={[Function]}
    >
      <svg
        fill="none"
        height="24"
        stroke="currentColor"
        strokeLinecap="round"
        strokeLinejoin="round"
        strokeWidth="2"
        viewBox="0 0 24 24"
        width="24"
        xmlns="http://www.w3.org/2000/svg"
      >
        <circle
          cx="12"
          cy="12"
          r="5"
        />
        <line
          x1="12"
          x2="12"
          y1="1"
          y2="3"
        />
        <line
          x1="12"
          x2="12"
          y1="21"
          y2="23"
        />
        <line
          x1="4.22"
          x2="5.64"
          y1="4.22"
          y2="5.64"
        />
        <line
          x1="18.36"
          x2="19.78"
          y1="18.36"
          y2="19.78"
        />
        <line
          x1="1"
          x2="3"
          y1="12"
          y2="12"
        />
        <line
          x1="21"
          x2="23"
          y1="12"
          y2="12"
        />
        <line
          x1="4.22"
          x2="5.64"
          y1="19.78"
          y2="18.36"
        />
        <line
          x1="18.36"
          x2="19.78"
          y1="5.64"
          y2="4.22"
        />
      </svg>
    </button>
  </div>
</div>
`;
